it means git also accesseble from vs code as well

"" 
cloning code 
PS Y:\GitDemo> git clone https://github.com/sandy0sandy/BW001.git
Cloning into 'BW001'...
remote: Enumerating objects: 9, done.
remote: Counting objects: 100% (9/9), done.
remote: Compressing objects: 100% (3/3), done.
remote: Total 9 (delta 0), reused 0 (delta 0), pack-reused 0 (from 0)    
Receiving objects: 100% (9/9), done.
PS Y:\GitDemo> 
""


""
to change directrory 
cd
PS Y:\GitDemo> cd 
PS Y:\GitDemo> cd .\BW001\ 
""
>> to select folder after cd simply press ttab button 

""
clear    >> to clear screen  
""

""
ls    >> to show  folder  
""

""
ls -h >> to show hdden folder aswell 
""


""
git status
""


>> after changing in code you have to commit it else it shows error /untracked status code on git 
"""
PS Y:\GitDemo\BW001> git status 
On branch main
Your branch is up to date with 'origin/main'.

Changes not staged for commit:
  (use "git add <file>..." to update what will be committed)
  (use "git restore <file>..." to discard changes in working directory)
        modified:   README.md

no changes added to commit (use "git add" and/or "git commit -a")      
PS Y:\GitDemo\BW001> 
""" 
"""
PS Y:\GitDemo\BW001> git status 
On branch main
Your branch is up to date with 'origin/main'.

Changes not staged for commit:
  (use "git add <file>..." to update what will be committed)
  (use "git restore <file>..." to discard changes in working directory)
        modified:   README.md

Untracked files:
  (use "git add <file>..." to include in what will be committed)       
        Notes

no changes added to commit (use "git add" and/or "git commit -a")
"""

>> after add commond staged will be there insted of untracked 
"""
PS Y:\GitDemo\BW001> git add .\Notes  
PS Y:\GitDemo\BW001> git status 
On branch main
Your branch is up to date with 'origin/main'.

Changes to be committed:
  (use "git restore --staged <file>..." to unstage)
        new file:   Notes

Changes not staged for commit:
  (use "git add <file>..." to update what will be committed)
  (use "git restore <file>..." to discard changes in working directory)
        modified:   README.md
"""

>> after add both chnged files it shows staged
"""
PS Y:\GitDemo\BW001> git status
On branch main
Your branch is up to date with 'origin/main'.      

Changes to be committed:
  (use "git restore --staged <file>..." to unstage)
        new file:   Notes
        modified:   README.md

PS Y:\GitDemo\BW001>
"""
>> git add. >>>to add all changed 


git commit -m "some message"
"""
PS Y:\GitDemo\BW001> git commit -m "Bhosle Patil Added"
[main f8a83be] Bhosle Patil Added
 2 files changed, 62 insertions(+), 1 deletion(-)
 create mode 100644 Notes
PS Y:\GitDemo\BW001> git status 
On branch main
Your branch is ahead of 'origin/main' by 1 commit.
  (use "git push" to publish your local commits)

nothing to commit, working tree clean
"""

unless we push the code it shows massege
"Your branch is ahead of 'origin/main' by 1 commit."
 it means on repo it will not appear till push it 

>>to push changed code 
git push origin main 
"""
PS Y:\GitDemo\BW001> git push origin main 
info: please complete authentication in your browser...
Enumerating objects: 6, done.
Counting objects: 100% (6/6), done.    
Delta compression using up to 4 threads
Compressing objects: 100% (4/4), done. 
Writing objects: 100% (4/4), 913 bytes | 304.00 KiB/s, done. 
Total 4 (delta 0), reused 0 (delta 0), pack-reused 0 (from 0)
To https://github.com/sandy0sandy/BW001.git
   5da2d15..f8a83be  main -> main
"""


>>> creating new repo on git from local repo
"""
PS Y:\GitDemo\01LocalRepo> ls -h
  >>to create it git repo
PS Y:\GitDemo\01LocalRepo> git init 
Initialized empty Git repository in Y:/GitDemo/01LocalRepo/.git/
PS Y:\GitDemo\01LocalRepo> ls -h 


    Directory: Y:\GitDemo\01LocalRepo


Mode                 LastWriteTime         Length Name
----                 -------------         ------ ----
d--h--        12/20/2024  12:08 PM                .git
"""
"""
PS Y:\GitDemo\01LocalRepo> git init
Initialized empty Git repository in Y:/GitDemo/01LocalRepo/.git/
PS Y:\GitDemo\01LocalRepo> ls -h


    Directory: Y:\GitDemo\01LocalRepo


Mode                 LastWriteTime         Length Name
----                 -------------         ------ ----


On branch main

No commits yet
Untracked files:
  (use "git add <file>..." to include in what will be committed)
        01.ipynb

nothing added to commit but untracked files present (use "git add" to track)
PS Y:\GitDemo\01LocalRepo> git add .
warning: in the working copy of '01.ipynb', LF will be replaced by CRLF the next time Git touches it
PS Y:\GitDemo\01LocalRepo> git commit -m "Addition Program in Python"    
[main (root-commit) 5d9cffc] Addition Program in Python
 1 file changed, 37 insertions(+)
 create mode 100644 01.ipynb
PS Y:\GitDemo\01LocalRepo> git status 
On branch main
nothing to commit, working tree clean
PS Y:\GitDemo\01LocalRepo>
"""

>> After creatting new loacl repo push it into git 

"""
PS Y:\GitDemo\01LocalRepo> git remote add origin https://github.com/sandy0sandy/LocalRepo01.git  
PS Y:\GitDemo\01LocalRepo> git remote -v
origin  https://github.com/sandy0sandy/LocalRepo01.git (fetch)
origin  https://github.com/sandy0sandy/LocalRepo01.git (push) 
"""
>> to know on which branch we working
"""
PS Y:\GitDemo\01LocalRepo> git branch
* main
"""


>>pushing local repo to git  
"""
PS Y:\GitDemo\01LocalRepo> git push -u  origin main
Enumerating objects: 3, done.
Counting objects: 100% (3/3), done.
Delta compression using up to 4 threads
Compressing objects: 100% (2/2), done.
Writing objects: 100% (3/3), 537 bytes | 537.00 KiB/s, done. 
Total 3 (delta 0), reused 0 (delta 0), pack-reused 0 (from 0)
To https://github.com/sandy0sandy/LocalRepo01.git
 * [new branch]      main -> main
branch 'main' set up to track 'origin/main'.
"""

PS Y:\GitDemo\01LocalRepo> git status 
Your branch is up to date with 'origin/main'.

Untracked files:
  (use "git add <file>..." to include in what will be committed)
        README.md

"""
nothing added to commit but untracked files present (use "git add" to track)
PS Y:\GitDemo\01LocalRepo> git add .
PS Y:\GitDemo\01LocalRepo> git commit -m "Add README"
[main 94dca08] Add README
 1 file changed, 4 insertions(+)
 create mode 100644 README.md
PS Y:\GitDemo\01LocalRepo> git push
Enumerating objects: 4, done.
Counting objects: 100% (4/4), done.
Delta compression using up to 4 threads
Compressing objects: 100% (2/2), done.
Writing objects: 100% (3/3), 303 bytes | 151.00 KiB/s, done.
Total 3 (delta 0), reused 0 (delta 0), pack-reused 0 (from 0)
To https://github.com/sandy0sandy/LocalRepo01.git
   5d9cffc..94dca08  main -> main
"""




































































